---
source: tests/generate_plan_tests.rs
expression: plan
---
{
  "providers": [],
  "buildImage": "[build_image]",
  "variables": {
    "NIXPACKS_METADATA": "python,poetry",
    "NIXPACKS_POETRY_VERSION": "1.1.13",
    "PYTHONUNBUFFERED": "1"
  },
  "phases": {
    "install": {
      "name": "install",
      "dependsOn": [
        "setup"
      ],
      "cmds": [
        "python -m venv /opt/venv && . /opt/venv/bin/activate && pip install poetry==$NIXPACKS_POETRY_VERSION && poetry install --no-dev --no-interaction --no-ansi"
      ],
      "cacheDirectories": [
        "/root/.cache/pip"
      ],
      "paths": [
        "/opt/venv/bin"
      ]
    },
    "setup": {
      "name": "setup",
      "nixPkgs": [
        "python38",
        "gcc"
      ],
      "nixLibs": [
        "zlib",
        "stdenv.cc.cc.lib"
      ],
      "nixOverlays": [],
      "nixpkgsArchive": "[archive]"
    }
  },
  "start": {
    "cmd": "python main.py"
  }
}
