---
source: tests/generate_plan_tests.rs
expression: plan
---
{
  "providers": [],
  "buildImage": "[build_image]",
  "variables": {
    "NIXPACKS_METADATA": "python,django,postgres",
    "PIP_DEFAULT_TIMEOUT": "100",
    "PIP_DISABLE_PIP_VERSION_CHECK": "1",
    "PIP_NO_CACHE_DIR": "1",
    "PYTHONDONTWRITEBYTECODE": "1",
    "PYTHONFAULTHANDLER": "1",
    "PYTHONHASHSEED": "random",
    "PYTHONUNBUFFERED": "1"
  },
  "phases": {
    "install": {
      "name": "install",
      "dependsOn": [
        "setup"
      ],
      "cmds": [
        "python -m venv --copies /opt/venv && . /opt/venv/bin/activate && PIPENV_VENV_IN_PROJECT=1 pipenv install --deploy"
      ],
      "cacheDirectories": [
        "/root/.cache/pip"
      ],
      "paths": [
        "/opt/venv/bin"
      ]
    },
    "setup": {
      "name": "setup",
      "nixPkgs": [
        "python311",
        "postgresql",
        "pipenv",
        "gcc"
      ],
      "nixLibs": [
        "zlib",
        "stdenv.cc.cc.lib"
      ],
      "nixOverlays": [],
      "nixpkgsArchive": "[archive]"
    }
  },
  "start": {
    "cmd": "python manage.py migrate && gunicorn mysite.wsgi"
  }
}
