---
source: tests/generate_plan_tests.rs
expression: plan
---
{
  "providers": [],
  "buildImage": "[build_image]",
  "variables": {
    "ELIXIR_ERL_OPTIONS": "+fnu",
    "LANG": "en_US.UTF-8",
    "LANGUAGE": "en_US:en",
    "MIX_ENV": "prod",
    "NIXPACKS_METADATA": "elixir"
  },
  "phases": {
    "build": {
      "name": "build",
      "dependsOn": [
        "install"
      ],
      "cmds": [
        "mix compile"
      ],
      "onlyIncludeFiles": [
        "config/runtime.exs",
        "assets",
        "priv",
        "config",
        "lib"
      ]
    },
    "install": {
      "name": "install",
      "dependsOn": [
        "setup"
      ],
      "cmds": [
        "MIX_ENV=prod mix local.hex --force",
        "MIX_ENV=prod mix local.rebar --force",
        "mix deps.get --only prod"
      ],
      "onlyIncludeFiles": [
        "config/config.exs",
        "config/prod.exs",
        "mix.exs",
        "mix.lock"
      ]
    },
    "setup": {
      "name": "setup",
      "nixPkgs": [
        "elixir_1_14",
        "gcc"
      ],
      "nixLibs": [
        "stdenv.cc.cc.lib"
      ],
      "nixOverlays": [],
      "nixpkgsArchive": "[archive]"
    }
  },
  "start": {
    "cmd": "mix phx.server",
    "onlyIncludeFiles": []
  }
}
