---
source: tests/generate_plan_tests.rs
expression: plan
---
{
  "version": "0.2.9",
  "setup": {
    "pkgs": [
      {
        "name": "go_1_18"
      }
    ],
    "libraries": [],
    "apt_pkgs": [],
    "baseImage": "ghcr.io/railwayapp/nixpacks:debian-1657820962"
  },
  "install": {
    "cmds": [
      "go get"
    ],
    "cacheDirectories": [
      "/root/.cache/go-build"
    ]
  },
  "build": {
    "cmds": [
      "go build -o out"
    ],
    "cacheDirectories": [
      "/root/.cache/go-build"
    ]
  },
  "start": {
    "cmd": "./out",
    "runImage": "debian:bullseye-slim"
  },
  "variables": {
    "CGO_ENABLED": "0"
  },
  "static_assets": {}
}
