---
source: tests/generate_plan_tests.rs
expression: plan
---
{
  "providers": [],
  "buildImage": "[build_image]",
  "variables": {
    "NIXPACKS_METADATA": "rust",
    "NIXPACKS_NO_MUSL": "1",
    "ROCKET_ADDRESS": "0.0.0.0"
  },
  "phases": {
    "build": {
      "name": "build",
      "dependsOn": [
        "setup"
      ],
      "cmds": [
        "mkdir -p bin",
        "cargo build --release",
        "cp target/release/rocket bin"
      ],
      "cacheDirectories": [
        "/root/.cargo/git",
        "/root/.cargo/registry",
        "target"
      ]
    },
    "setup": {
      "name": "setup",
      "nixPkgs": [
        "binutils",
        "gcc",
        "rust-bin.stable.latest.default"
      ],
      "nixOverlays": [
        "https://github.com/oxalica/rust-overlay/archive/master.tar.gz"
      ],
      "nixpkgsArchive": "[archive]"
    }
  },
  "start": {
    "cmd": "./bin/rocket"
  }
}
