---
source: tests/generate_plan_tests.rs
expression: plan
---
{
  "providers": [],
  "buildImage": "[build_image]",
  "variables": {
    "BUNDLE_GEMFILE": "/app/Gemfile",
    "GEM_HOME": "/usr/local/rvm/gems/ruby-3.1.2",
    "GEM_PATH": "/usr/local/rvm/gems/ruby-3.1.2:/usr/local/rvm/gems/ruby-3.1.2@global",
    "MALLOC_ARENA_MAX": "2",
    "NIXPACKS_METADATA": "ruby"
  },
  "phases": {
    "build": {
      "name": "build",
      "dependsOn": [
        "install",
        "node:install"
      ]
    },
    "install": {
      "name": "install",
      "dependsOn": [
        "setup"
      ],
      "cmds": [
        "bundle install"
      ],
      "onlyIncludeFiles": [
        "Gemfile",
        "Gemfile.lock"
      ],
      "cacheDirectories": [
        "/root/.bundle/cache"
      ],
      "paths": [
        "/usr/local/rvm/rubies/ruby-3.1.2/bin",
        "/usr/local/rvm/gems/ruby-3.1.2/bin",
        "/usr/local/rvm/gems/ruby-3.1.2@global/bin"
      ]
    },
    "node:install": {
      "name": "node:install",
      "dependsOn": [
        "setup"
      ],
      "cmds": [
        "npm ci"
      ],
      "cacheDirectories": [
        "/root/.npm"
      ],
      "paths": [
        "/app/node_modules/.bin"
      ]
    },
    "node:setup": {
      "name": "node:setup",
      "nixPkgs": [
        "nodejs_18",
        "npm-8_x"
      ],
      "nixOverlays": [
        "https://github.com/railwayapp/nix-npm-overlay/archive/main.tar.gz"
      ],
      "nixpkgsArchive": "[archive]"
    },
    "setup": {
      "name": "setup",
      "nixPkgs": [
        "rustc"
      ],
      "nixOverlays": [],
      "nixpkgsArchive": "[archive]",
      "aptPkgs": [
        "procps",
        "git",
        "curl",
        "autoconf",
        "bison",
        "build-essential",
        "libssl-dev",
        "libyaml-dev",
        "libreadline6-dev",
        "zlib1g-dev",
        "libncurses5-dev",
        "libffi-dev",
        "libgdbm6",
        "libgdbm-dev",
        "libdb-dev"
      ],
      "cmds": [
        "curl -fsSL https://github.com/rbenv/rbenv-installer/raw/HEAD/bin/rbenv-installer | bash -s stable && printf '\\neval \"$(~/.rbenv/bin/rbenv init -)\"' >> /root/.profile && . /root/.profile && rbenv install 3.1.2 && rbenv global 3.1.2 && gem install bundler:2.3.7"
      ],
      "onlyIncludeFiles": [],
      "paths": [
        "$HOME/.rbenv/bin"
      ]
    }
  },
  "start": {
    "cmd": "ruby app.rb"
  }
}
