---
source: tests/generate_plan_tests.rs
expression: plan
---
{
  "providers": [],
  "buildImage": "[build_image]",
  "variables": {
    "NIXPACKS_METADATA": "python",
    "PIP_DEFAULT_TIMEOUT": "100",
    "PIP_DISABLE_PIP_VERSION_CHECK": "1",
    "PIP_NO_CACHE_DIR": "1",
    "PYTHONDONTWRITEBYTECODE": "1",
    "PYTHONFAULTHANDLER": "1",
    "PYTHONHASHSEED": "random",
    "PYTHONUNBUFFERED": "1"
  },
  "phases": {
    "install": {
      "name": "install",
      "dependsOn": [
        "setup"
      ]
    },
    "setup": {
      "name": "setup",
      "nixPkgs": [
        "python27",
        "gcc"
      ],
      "nixLibs": [
        "zlib",
        "stdenv.cc.cc.lib"
      ],
      "nixOverlays": [],
      "nixpkgsArchive": "[archive]"
    }
  },
  "start": {
    "cmd": "python main.py"
  }
}
