---
source: tests/generate_plan_tests.rs
expression: plan
---
{
  "version": "[version]",
  "setup": {
    "pkgs": [
      {
        "name": "python38"
      }
    ],
    "libraries": [],
    "apt_pkgs": [],
    "baseImage": "ghcr.io/railwayapp/nixpacks:debian-1657820962"
  },
  "install": {
    "cmds": [
      "python -m venv /opt/venv && . /opt/venv/bin/activate && pip install -r requirements.txt"
    ],
    "onlyIncludeFiles": [
      "requirements.txt"
    ],
    "cacheDirectories": [
      "/root/.cache/pip"
    ],
    "paths": [
      "/opt/venv/bin"
    ]
  },
  "build": {},
  "start": {
    "cmd": "python main.py"
  },
  "variables": {},
  "static_assets": {}
}
