---
source: tests/generate_plan_tests.rs
expression: plan
---
{
  "providers": [],
  "buildImage": "[build_image]",
  "variables": {
    "CI": "true",
    "NIXPACKS_METADATA": "node",
    "NODE_ENV": "production",
    "NPM_CONFIG_PRODUCTION": "false"
  },
  "phases": {
    "build": {
      "name": "build",
      "dependsOn": [
        "install"
      ],
      "cmds": [
        "pnpm run build"
      ],
      "cacheDirectories": [
        "node_modules/.cache"
      ]
    },
    "install": {
      "name": "install",
      "dependsOn": [
        "setup"
      ],
      "cmds": [
        "pnpm i --frozen-lockfile"
      ],
      "cacheDirectories": [
        "/root/.cache/pnpm"
      ],
      "paths": [
        "/app/node_modules/.bin"
      ]
    },
    "setup": {
      "name": "setup",
      "nixPkgs": [
        "nodejs-16_x",
        "pnpm-7_x"
      ],
      "nixOverlays": [
        "https://github.com/railwayapp/nix-npm-overlay/archive/main.tar.gz"
      ],
      "nixpkgsArchive": "[archive]"
    }
  },
  "start": {
    "cmd": "pnpm run start"
  }
}
