---
source: tests/generate_plan_tests.rs
expression: plan
---
{
  "providers": [],
  "buildImage": "[build_image]",
  "variables": {
    "NIXPACKS_METADATA": "crystal"
  },
  "phases": {
    "build": {
      "name": "build",
      "dependsOn": [
        "install"
      ],
      "cmds": [
        "shards build"
      ]
    },
    "install": {
      "name": "install",
      "dependsOn": [
        "setup"
      ],
      "cmds": [
        "shards install"
      ]
    },
    "setup": {
      "name": "setup",
      "nixPkgs": [
        "crystal",
        "shards"
      ],
      "nixOverlays": [],
      "nixpkgsArchive": "[archive]"
    }
  },
  "start": {
    "cmd": "./bin/crystal"
  }
}
