---
source: tests/generate_plan_tests.rs
expression: plan
---
{
  "providers": [],
  "buildImage": "[build_image]",
  "variables": {
    "NIXPACKS_METADATA": "dart"
  },
  "phases": {
    "build": {
      "name": "build",
      "dependsOn": [
        "install"
      ],
      "cmds": [
        "dart compile exe bin/console_simple.dart"
      ]
    },
    "install": {
      "name": "install",
      "dependsOn": [
        "setup"
      ],
      "cmds": [
        "dart pub get"
      ],
      "onlyIncludeFiles": [
        "pubspec.yaml"
      ]
    },
    "setup": {
      "name": "setup",
      "nixPkgs": [
        "dart"
      ],
      "nixOverlays": [],
      "nixpkgsArchive": "[archive]"
    }
  },
  "start": {
    "cmd": "./bin/console_simple.exe"
  }
}
