---
source: tests/generate_plan_tests.rs
expression: plan
---
{
  "providers": [],
  "buildImage": "[build_image]",
  "variables": {
    "BUNDLE_GEMFILE": "/app/Gemfile",
    "GEM_HOME": "/usr/local/rvm/gems/3.1.2",
    "GEM_PATH": "/usr/local/rvm/gems/3.1.2:/usr/local/rvm/gems/3.1.2@global",
    "MALLOC_ARENA_MAX": "2",
    "NIXPACKS_METADATA": "ruby",
    "RAILS_LOG_TO_STDOUT": "enabled",
    "RAILS_SERVE_STATIC_FILES": "1"
  },
  "phases": {
    "build": {
      "name": "build",
      "dependsOn": [
        "install"
      ],
      "cmds": [
        "bundle exec rake assets:precompile"
      ]
    },
    "install": {
      "name": "install",
      "dependsOn": [
        "setup"
      ],
      "cmds": [
        "bundle install"
      ],
      "onlyIncludeFiles": [
        "Gemfile*"
      ],
      "cacheDirectories": [
        "/root/.bundle/cache"
      ],
      "paths": [
        "/usr/local/rvm/rubies/3.1.2/bin",
        "/usr/local/rvm/gems/3.1.2/bin",
        "/usr/local/rvm/gems/3.1.2@global/bin"
      ]
    },
    "setup": {
      "name": "setup",
      "aptPkgs": [
        "procps",
        "libpq-dev"
      ],
      "cmds": [
        "curl -sSL https://get.rvm.io | bash -s stable && . /etc/profile.d/rvm.sh && rvm install 3.1.2 && rvm --default use 3.1.2 && gem install bundler:2.3.7 && rm -rf /usr/local/rvm/src",
        "echo 'source /usr/local/rvm/scripts/rvm' >> /root/.profile"
      ],
      "onlyIncludeFiles": []
    }
  },
  "start": {
    "cmd": "rake db:migrate && bundle exec bin/rails server -b 0.0.0.0 -p ${PORT:-3000}"
  }
}
